// Jest Snapshot v1, https://goo.gl/fbAQLP

exports[`<Foo /> should match the snapshot 1`] = `
<p>
  Foo
</p>
`;
